2023/10/14 22:35:18.657311 user_service_impl.go:29: [Warn] user id is not found
